
{"level":"DEBUG","fn":"validateQuestion","args":["[object]"],"duration":0,"timestamp":"2026-05-19T10:14:31.355Z"}
{"level":"DEBUG","fn":"scoreAnswer","args":["[object]","е7о"],"duration":0,"timestamp":"2026-05-19T10:15:00.724Z"}
{"level":"DEBUG","fn":"scoreAnswer","args":["[object]","анол"],"duration":0,"timestamp":"2026-05-19T10:15:11.187Z"}
{"level":"DEBUG","fn":"validateQuestion","args":["[object]"],"duration":0,"timestamp":"2026-05-19T10:17:03.077Z"}
{"level":"DEBUG","fn":"scoreAnswer","args":["[object]","4"],"duration":0,"timestamp":"2026-05-19T10:17:16.868Z"}
{"level":"DEBUG","fn":"scoreAnswer","args":["[object]","4"],"duration":0,"timestamp":"2026-05-19T10:23:05.771Z"}
{"level":"DEBUG","fn":"scoreAnswer","args":["[object]","4"],"duration":0,"timestamp":"2026-05-19T10:28:09.334Z"}
{"level":"DEBUG","fn":"validateQuestion","args":["[object]"],"duration":0,"timestamp":"2026-05-19T10:30:25.722Z"}
{"level":"DEBUG","fn":"scoreAnswer","args":["[object]","5"],"duration":0,"timestamp":"2026-05-19T10:33:01.648Z"}
{"level":"DEBUG","fn":"scoreAnswer","args":["[object]","4"],"duration":0,"timestamp":"2026-05-19T10:41:48.167Z"}
{"level":"DEBUG","fn":"validateQuestion","args":["[object]"],"duration":0,"timestamp":"2026-05-19T10:42:26.250Z"}
{"level":"DEBUG","fn":"scoreAnswer","args":["[object]","[object]"],"duration":0,"timestamp":"2026-05-19T10:50:48.650Z"}
{"level":"DEBUG","fn":"validateQuestion","args":["[object]"],"duration":0,"timestamp":"2026-05-19T11:32:28.823Z"}
{"level":"DEBUG","fn":"scoreAnswer","args":["[object]","4"],"duration":0,"timestamp":"2026-05-19T12:03:03.616Z"}
{"level":"DEBUG","fn":"scoreAnswer","args":["[object]","4"],"duration":1,"timestamp":"2026-05-19T14:55:04.278Z"}
{"level":"DEBUG","fn":"validateQuestion","args":["[object]"],"duration":0,"timestamp":"2026-05-19T14:55:58.997Z"}
{"level":"DEBUG","fn":"validateQuestion","args":["[object]"],"duration":0,"timestamp":"2026-05-19T14:55:58.997Z"}
{"level":"DEBUG","fn":"validateQuestion","args":["[object]"],"duration":0,"timestamp":"2026-05-19T14:55:58.997Z"}
{"level":"DEBUG","fn":"validateQuestion","args":["[object]"],"duration":1,"timestamp":"2026-05-19T14:55:58.998Z"}
{"level":"DEBUG","fn":"validateQuestion","args":["[object]"],"duration":1,"timestamp":"2026-05-19T14:55:58.998Z"}
{"level":"DEBUG","fn":"validateQuestion","args":["[object]"],"duration":0,"timestamp":"2026-05-19T14:56:46.040Z"}
{"level":"DEBUG","fn":"validateQuestion","args":["[object]"],"duration":1,"timestamp":"2026-05-19T14:56:46.041Z"}
{"level":"DEBUG","fn":"validateQuestion","args":["[object]"],"duration":1,"timestamp":"2026-05-19T14:56:46.041Z"}
{"level":"DEBUG","fn":"validateQuestion","args":["[object]"],"duration":1,"timestamp":"2026-05-19T14:56:46.041Z"}
{"level":"DEBUG","fn":"validateQuestion","args":["[object]"],"duration":2,"timestamp":"2026-05-19T14:56:46.042Z"}
{"level":"DEBUG","fn":"scoreAnswer","args":["[object]","2"],"duration":0,"timestamp":"2026-05-19T14:57:05.187Z"}
{"level":"DEBUG","fn":"scoreAnswer","args":["[object]","4"],"duration":1,"timestamp":"2026-05-19T14:57:05.188Z"}
{"level":"DEBUG","fn":"scoreAnswer","args":["[object]","7"],"duration":1,"timestamp":"2026-05-19T14:57:05.188Z"}
{"level":"DEBUG","fn":"scoreAnswer","args":["[object]","12"],"duration":1,"timestamp":"2026-05-19T14:57:05.188Z"}
{"level":"DEBUG","fn":"scoreAnswer","args":["[object]","33"],"duration":2,"timestamp":"2026-05-19T14:57:05.189Z"}
{"level":"DEBUG","fn":"validateQuestion","args":["[object]"],"duration":0,"timestamp":"2026-05-19T16:47:41.556Z"}
{"level":"DEBUG","fn":"validateQuestion","args":["[object]"],"duration":1,"timestamp":"2026-05-19T16:47:41.557Z"}
{"level":"DEBUG","fn":"validateQuestion","args":["[object]"],"duration":2,"timestamp":"2026-05-19T16:47:41.558Z"}
{"level":"DEBUG","fn":"scoreAnswer","args":["[object]","hk"],"duration":0,"timestamp":"2026-05-19T16:47:49.699Z"}
{"level":"DEBUG","fn":"scoreAnswer","args":["[object]","fghjj"],"duration":1,"timestamp":"2026-05-19T16:47:49.700Z"}
{"level":"DEBUG","fn":"scoreAnswer","args":["[object]","[object]"],"duration":1,"timestamp":"2026-05-19T16:47:49.700Z"}
{"level":"DEBUG","fn":"scoreAnswer","args":["[object]","hk"],"duration":0,"timestamp":"2026-05-19T16:48:15.552Z"}
{"level":"DEBUG","fn":"scoreAnswer","args":["[object]","yuik"],"duration":0,"timestamp":"2026-05-19T16:48:15.552Z"}
{"level":"DEBUG","fn":"scoreAnswer","args":["[object]","[object]"],"duration":1,"timestamp":"2026-05-19T16:48:15.553Z"}
{"level":"DEBUG","fn":"scoreAnswer","args":["[object]","2"],"duration":0,"timestamp":"2026-05-19T16:48:27.633Z"}
{"level":"DEBUG","fn":"scoreAnswer","args":["[object]","4"],"duration":0,"timestamp":"2026-05-19T16:48:27.633Z"}
{"level":"DEBUG","fn":"scoreAnswer","args":["[object]","8"],"duration":1,"timestamp":"2026-05-19T16:48:27.634Z"}
{"level":"DEBUG","fn":"scoreAnswer","args":["[object]","111"],"duration":1,"timestamp":"2026-05-19T16:48:27.634Z"}
{"level":"DEBUG","fn":"scoreAnswer","args":["[object]","22"],"duration":1,"timestamp":"2026-05-19T16:48:27.634Z"}
{"level":"DEBUG","fn":"scoreAnswer","args":["[object]","2"],"duration":0,"timestamp":"2026-05-19T16:48:42.033Z"}
{"level":"DEBUG","fn":"scoreAnswer","args":["[object]","5"],"duration":1,"timestamp":"2026-05-19T16:48:42.034Z"}
{"level":"DEBUG","fn":"scoreAnswer","args":["[object]","7"],"duration":1,"timestamp":"2026-05-19T16:48:42.034Z"}
{"level":"DEBUG","fn":"scoreAnswer","args":["[object]","111"],"duration":2,"timestamp":"2026-05-19T16:48:42.035Z"}
{"level":"DEBUG","fn":"scoreAnswer","args":["[object]","22"],"duration":2,"timestamp":"2026-05-19T16:48:42.035Z"}
{"level":"DEBUG","fn":"scoreAnswer","args":["[object]","hk"],"duration":0,"timestamp":"2026-05-19T16:49:07.950Z"}
{"level":"DEBUG","fn":"scoreAnswer","args":["[object]","3"],"duration":0,"timestamp":"2026-05-19T16:49:07.950Z"}
{"level":"DEBUG","fn":"scoreAnswer","args":["[object]","[object]"],"duration":1,"timestamp":"2026-05-19T16:49:07.951Z"}
{"level":"DEBUG","fn":"validateQuestion","args":["[object]"],"duration":0,"timestamp":"2026-05-19T16:50:00.875Z"}
{"level":"DEBUG","fn":"validateQuestion","args":["[object]"],"duration":1,"timestamp":"2026-05-19T16:50:00.876Z"}
{"level":"DEBUG","fn":"scoreAnswer","args":["[object]","8"],"duration":0,"timestamp":"2026-05-19T16:50:11.986Z"}
{"level":"DEBUG","fn":"scoreAnswer","args":["[object]","[object]"],"duration":0,"timestamp":"2026-05-19T16:50:11.986Z"}
{"level":"DEBUG","fn":"scoreAnswer","args":["[object]","4"],"duration":0,"timestamp":"2026-05-19T16:50:26.802Z"}
{"level":"DEBUG","fn":"scoreAnswer","args":["[object]","[object]"],"duration":1,"timestamp":"2026-05-19T16:50:26.803Z"}
{"level":"DEBUG","fn":"scoreAnswer","args":["[object]","hk"],"duration":0,"timestamp":"2026-05-19T16:50:41.342Z"}
{"level":"DEBUG","fn":"scoreAnswer","args":["[object]","yuik"],"duration":1,"timestamp":"2026-05-19T16:50:41.343Z"}
{"level":"DEBUG","fn":"scoreAnswer","args":["[object]","[object]"],"duration":2,"timestamp":"2026-05-19T16:50:41.344Z"}
